
Running 26 tests using 1 worker

  ✓   1 [chromium] › e2e/auth.spec.ts:4:3 › Google authentication entry points › login explains Google access and preserves a demo path (867ms)
  ✓   2 [chromium] › e2e/auth.spec.ts:12:3 › Google authentication entry points › guest learner surface offers access without pretending to know the learner name (977ms)
  -   3 [chromium] › e2e/auth.spec.ts:19:3 › Google authentication entry points › login remains within the mobile viewport
  ✓   4 [chromium] › e2e/content-beta.spec.ts:3:1 › beta content catalog is available to the learner (748ms)
  ✓   5 [chromium] › e2e/content-beta.spec.ts:12:1 › a reflection creates a practice receipt (1.1s)
  -   6 [chromium] › e2e/responsive-mobile.spec.ts:4:3 › responsive mobile product › mobile learner header does not overlap and navigation remains usable
  -   7 [chromium] › e2e/responsive-mobile.spec.ts:31:3 › responsive mobile product › all seven program modules are selectable on mobile
  -   8 [chromium] › e2e/responsive-mobile.spec.ts:46:3 › responsive mobile product › practice suggestions use horizontal snap rather than stacked dashboard cards
  ✓   9 [chromium] › e2e/showcase.spec.ts:10:3 › LUMA product showcase › showcase root enters the learner product immediately (1.0s)
  ✓  10 [chromium] › e2e/showcase.spec.ts:17:3 › LUMA product showcase › onboarding calibrates a learner and enters the journey (1.2s)
  ✓  11 [chromium] › e2e/showcase.spec.ts:38:3 › LUMA product showcase › coachee navigation keeps internal intelligence out of the learning surface (783ms)
  ✓  12 [chromium] › e2e/showcase.spec.ts:50:3 › LUMA product showcase › legacy Twin route opens the coach intelligence view (732ms)
  ✓  13 [chromium] › e2e/showcase.spec.ts:56:3 › LUMA product showcase › coach view exposes proprietary Learning Twin evidence (638ms)
  ✓  14 [chromium] › e2e/showcase.spec.ts:64:3 › LUMA product showcase › learner can inspect recommendation and ask the grounded tutor (1.7s)
  ✓  15 [chromium] › e2e/showcase.spec.ts:75:3 › LUMA product showcase › tutor blocks unsupported high-stakes course claims (3.2s)
  ✓  16 [chromium] › e2e/showcase.spec.ts:87:3 › LUMA product showcase › curriculum reflection creates a reviewable artifact without updating learner state (966ms)
  ✓  17 [chromium] › e2e/showcase.spec.ts:105:3 › LUMA product showcase › practice produces a real evidence receipt (1.3s)
  ✓  18 [chromium] › e2e/showcase.spec.ts:121:3 › LUMA product showcase › superuser can compare roles and persist a visual theme (2.6s)
  ✓  19 [chromium] › e2e/showcase.spec.ts:147:3 › LUMA product showcase › superuser review lab exposes real gated assets without leaking private source locators (1.1s)
  ✓  20 [chromium] › e2e/showcase.spec.ts:168:3 › LUMA product showcase › adult progress is expressed as capability, transfer and next demonstration (1.1s)
  ✓  21 [chromium] › e2e/showcase.spec.ts:180:3 › LUMA product showcase › iconography catalog changes material while preserving semantics (679ms)
  ✓  22 [chromium] › e2e/showcase.spec.ts:190:3 › LUMA product showcase › premium semantic objects appear in the intended product moments (1.1s)
  ✓  23 [chromium] › e2e/showcase.spec.ts:200:3 › LUMA product showcase › Content Intelligence leads with transformation, not the AI operating model (551ms)
  ✓  24 [chromium] › e2e/showcase.spec.ts:211:3 › LUMA product showcase › studio lets an instructor assign human intervention (624ms)
  ✓  25 [chromium] › e2e/showcase.spec.ts:219:3 › LUMA product showcase › key client-facing views satisfy automated WCAG checks (11.3s)
  ✓  26 [chromium] › e2e/spanish-ui.spec.ts:36:1 › client-facing product terminology stays in Spanish (6.0s)

  4 skipped
  22 passed (42.2s)
