
> luma-learning-intelligence@0.1.0 test:e2e
> playwright test


Running 34 tests using 6 workers

  ✓   6 [chromium] › e2e/showcase.spec.ts:56:3 › LUMA product showcase › coach view exposes proprietary Learning Twin evidence (1.6s)
  ✓   5 [chromium] › e2e/showcase.spec.ts:38:3 › LUMA product showcase › coachee navigation keeps internal intelligence out of the learning surface (1.6s)
  ✓   2 [chromium] › e2e/showcase.spec.ts:50:3 › LUMA product showcase › legacy Twin route opens the coach intelligence view (2.1s)
  ✓   3 [chromium] › e2e/showcase.spec.ts:10:3 › LUMA product showcase › showcase root enters the learner product immediately (2.2s)
  ✓   4 [chromium] › e2e/showcase.spec.ts:17:3 › LUMA product showcase › onboarding calibrates a learner and enters the journey (3.0s)
  ✓   1 [chromium] › e2e/showcase.spec.ts:64:3 › LUMA product showcase › learner can inspect recommendation and ask the grounded tutor (3.4s)
  ✓   7 [chromium] › e2e/showcase.spec.ts:87:3 › LUMA product showcase › curriculum reflection creates a reviewable artifact without updating learner state (1.9s)
  ✓   8 [chromium] › e2e/showcase.spec.ts:75:3 › LUMA product showcase › tutor blocks unsupported high-stakes course claims (2.6s)
  ✓   9 [chromium] › e2e/showcase.spec.ts:105:3 › LUMA product showcase › practice produces a real evidence receipt (2.1s)
  ✓  11 [chromium] › e2e/showcase.spec.ts:139:3 › LUMA product showcase › superuser review lab exposes real gated assets without leaking private source locators (2.2s)
  ✓  12 [chromium] › e2e/showcase.spec.ts:160:3 › LUMA product showcase › adult progress is expressed as capability, transfer and next demonstration (2.1s)
  ✓  13 [chromium] › e2e/showcase.spec.ts:172:3 › LUMA product showcase › iconography catalog changes material while preserving semantics (2.0s)
  ✓  14 [chromium] › e2e/showcase.spec.ts:192:3 › LUMA product showcase › Content Intelligence leads with transformation, not the AI operating model (1.5s)
  ✓  10 [chromium] › e2e/showcase.spec.ts:121:3 › LUMA product showcase › superuser can compare roles and persist a visual theme (4.0s)
  ✓  15 [chromium] › e2e/showcase.spec.ts:182:3 › LUMA product showcase › premium semantic objects appear in the intended product moments (2.2s)
  ✓  16 [chromium] › e2e/showcase.spec.ts:203:3 › LUMA product showcase › studio lets an instructor assign human intervention (1.3s)
  ✓  20 [mobile] › e2e/showcase.spec.ts:38:3 › LUMA product showcase › coachee navigation keeps internal intelligence out of the learning surface (2.1s)
  ✓  18 [mobile] › e2e/showcase.spec.ts:10:3 › LUMA product showcase › showcase root enters the learner product immediately (2.4s)
  ✓  22 [mobile] › e2e/showcase.spec.ts:56:3 › LUMA product showcase › coach view exposes proprietary Learning Twin evidence (1.9s)
  ✓  21 [mobile] › e2e/showcase.spec.ts:50:3 › LUMA product showcase › legacy Twin route opens the coach intelligence view (2.4s)
  ✓  19 [mobile] › e2e/showcase.spec.ts:17:3 › LUMA product showcase › onboarding calibrates a learner and enters the journey (3.2s)
  ✓  25 [mobile] › e2e/showcase.spec.ts:87:3 › LUMA product showcase › curriculum reflection creates a reviewable artifact without updating learner state (1.8s)
  ✓  26 [mobile] › e2e/showcase.spec.ts:105:3 › LUMA product showcase › practice produces a real evidence receipt (2.0s)
  ✓  24 [mobile] › e2e/showcase.spec.ts:75:3 › LUMA product showcase › tutor blocks unsupported high-stakes course claims (4.8s)
  ✓  23 [mobile] › e2e/showcase.spec.ts:64:3 › LUMA product showcase › learner can inspect recommendation and ask the grounded tutor (4.9s)
  ✓  28 [mobile] › e2e/showcase.spec.ts:139:3 › LUMA product showcase › superuser review lab exposes real gated assets without leaking private source locators (3.2s)
  ✓  27 [mobile] › e2e/showcase.spec.ts:121:3 › LUMA product showcase › superuser can compare roles and persist a visual theme (4.7s)
  ✓  29 [mobile] › e2e/showcase.spec.ts:160:3 › LUMA product showcase › adult progress is expressed as capability, transfer and next demonstration (3.0s)
  -  34 [mobile] › e2e/showcase.spec.ts:211:3 › LUMA product showcase › key client-facing views satisfy automated WCAG checks
  ✓  30 [mobile] › e2e/showcase.spec.ts:172:3 › LUMA product showcase › iconography catalog changes material while preserving semantics (1.9s)
  ✓  31 [mobile] › e2e/showcase.spec.ts:182:3 › LUMA product showcase › premium semantic objects appear in the intended product moments (2.1s)
  ✓  32 [mobile] › e2e/showcase.spec.ts:192:3 › LUMA product showcase › Content Intelligence leads with transformation, not the AI operating model (1.7s)
  ✓  33 [mobile] › e2e/showcase.spec.ts:203:3 › LUMA product showcase › studio lets an instructor assign human intervention (1.7s)
  ✓  17 [chromium] › e2e/showcase.spec.ts:211:3 › LUMA product showcase › key client-facing views satisfy automated WCAG checks (14.3s)

  1 skipped
  33 passed (21.0s)
