
> luma-learning-intelligence@0.1.0 verify
> npm run lint && npm run typecheck && npm run test:run && npm run build


> luma-learning-intelligence@0.1.0 lint
> eslint .


> luma-learning-intelligence@0.1.0 typecheck
> tsc --noEmit


> luma-learning-intelligence@0.1.0 test:run
> vitest run


[1m[30m[46m RUN [49m[39m[22m [36mv5.0.3 [39m[90m/workspace/projects/LUMA[39m

 [32m✓[39m src/lib/experience-themes.test.ts [2m([22m[2m3 tests[22m[2m)[22m[32m 2[2mms[22m[39m
 [32m✓[39m src/lib/learning-engine.test.ts [2m([22m[2m4 tests[22m[2m)[22m[32m 3[2mms[22m[39m
 [32m✓[39m src/lib/themes.test.ts [2m([22m[2m3 tests[22m[2m)[22m[32m 5[2mms[22m[39m
 [32m✓[39m src/lib/reflection-engine.test.ts [2m([22m[2m6 tests[22m[2m)[22m[32m 4[2mms[22m[39m

[2m Test Files [22m [1m[32m4 passed[39m[22m[90m (4)[39m
[2m      Tests [22m [1m[32m16 passed[39m[22m[90m (16)[39m
[2m   Start at [22m 23:28:05
[2m   Duration [22m 190ms[2m (transform 60%, import 25%, worker 10%, tests 5%)[22m


> luma-learning-intelligence@0.1.0 build
> next build

▲ Next.js 16.3.8 (Turbopack)
✓ Running next.config.ts took 115ms

  Creating an optimized production build ...
✓ Compiled successfully in 3.1s
  Running TypeScript ...
  Finished TypeScript in 2.2s ...
  Collecting page data using 11 workers ...
  Generating static pages using 11 workers (0/16) ...
  Generating static pages using 11 workers (4/16) 
  Generating static pages using 11 workers (8/16) 
  Generating static pages using 11 workers (12/16) 
✓ Generating static pages using 11 workers (16/16) in 322ms
  Finalizing page optimization ...

Route (app)
┌ ○ /
├ ○ /_not-found
├ ƒ /api/reflections
├ ƒ /api/tutor
├ ○ /experience
├ ○ /iconography
├ ○ /learn
├ ○ /learn/session/pas
├ ○ /library
├ ○ /onboarding
├ ○ /studio
├ ○ /studio/learners/mariana
├ ○ /studio/reflections
└ ○ /twin


○  (Static)   prerendered as static content
ƒ  (Dynamic)  server-rendered on demand

