
> luma-learning-intelligence@0.1.0 audit:glass
> node scripts/glass-adversarial-audit.mjs

se    desktop /learn         overflow=0 nested=0 clip=0 out=0 motion=0 axe=0 glass=5/11 coverage=0.43
se    desktop /studio        overflow=0 nested=0 clip=0 out=0 motion=0 axe=0 glass=7/13 coverage=0.69
se    desktop /experience    overflow=0 nested=0 clip=0 out=0 motion=0 axe=0 glass=2/16 coverage=0.24
se    desktop /iconography   overflow=0 nested=0 clip=0 out=0 motion=0 axe=0 glass=2/6 coverage=0.24
se    desktop /library       overflow=0 nested=0 clip=0 out=0 motion=0 axe=0 glass=6/16 coverage=0.86
se    desktop /learn/experiences overflow=0 nested=0 clip=0 out=0 motion=0 axe=0 glass=2/6 coverage=0.23
se    desktop /learn/experience/calibracion-observar-antes-de-interpretar overflow=0 nested=0 clip=0 out=0 motion=0 axe=0 glass=2/6 coverage=0.23
se    mobile  /learn         overflow=0 nested=0 clip=0 out=0 motion=0 axe=0 glass=5/8 coverage=0.52
se    mobile  /studio        overflow=0 nested=0 clip=0 out=0 motion=0 axe=0 glass=7/10 coverage=0.38
se    mobile  /experience    overflow=0 nested=0 clip=0 out=0 motion=0 axe=0 glass=2/13 coverage=0.2
se    mobile  /iconography   overflow=0 nested=0 clip=0 out=0 motion=0 axe=0 glass=2/3 coverage=0.2
se    mobile  /library       overflow=0 nested=0 clip=0 out=0 motion=0 axe=0 glass=6/13 coverage=1.08
se    mobile  /learn/experiences overflow=0 nested=0 clip=0 out=0 motion=0 axe=0 glass=2/3 coverage=0.2
se    mobile  /learn/experience/calibracion-observar-antes-de-interpretar overflow=0 nested=0 clip=0 out=0 motion=0 axe=0 glass=2/3 coverage=0.2
light desktop /learn         overflow=0 nested=0 clip=0 out=0 motion=0 axe=0 glass=5/11 coverage=0.43
light desktop /studio        overflow=0 nested=0 clip=0 out=0 motion=0 axe=0 glass=7/13 coverage=0.69
light desktop /experience    overflow=0 nested=0 clip=0 out=0 motion=0 axe=0 glass=2/16 coverage=0.24
light desktop /iconography   overflow=0 nested=0 clip=0 out=0 motion=0 axe=0 glass=2/6 coverage=0.24
light desktop /library       overflow=0 nested=0 clip=0 out=0 motion=0 axe=0 glass=6/16 coverage=0.86
light desktop /learn/experiences overflow=0 nested=0 clip=0 out=0 motion=0 axe=0 glass=2/6 coverage=0.23
light desktop /learn/experience/calibracion-observar-antes-de-interpretar overflow=0 nested=0 clip=0 out=0 motion=0 axe=0 glass=2/6 coverage=0.23
light mobile  /learn         overflow=0 nested=0 clip=0 out=0 motion=0 axe=0 glass=5/8 coverage=0.52
light mobile  /studio        overflow=0 nested=0 clip=0 out=0 motion=0 axe=0 glass=7/10 coverage=0.38
light mobile  /experience    overflow=0 nested=0 clip=0 out=0 motion=0 axe=0 glass=2/13 coverage=0.2
light mobile  /iconography   overflow=0 nested=0 clip=0 out=0 motion=0 axe=0 glass=2/3 coverage=0.2
light mobile  /library       overflow=0 nested=0 clip=0 out=0 motion=0 axe=0 glass=6/13 coverage=1.08
light mobile  /learn/experiences overflow=0 nested=0 clip=0 out=0 motion=0 axe=0 glass=2/3 coverage=0.2
light mobile  /learn/experience/calibracion-observar-antes-de-interpretar overflow=0 nested=0 clip=0 out=0 motion=0 axe=0 glass=2/3 coverage=0.2
dark  desktop /learn         overflow=0 nested=0 clip=0 out=0 motion=0 axe=0 glass=5/11 coverage=0.43
dark  desktop /studio        overflow=0 nested=0 clip=0 out=0 motion=0 axe=0 glass=7/13 coverage=0.69
dark  desktop /experience    overflow=0 nested=0 clip=0 out=0 motion=0 axe=0 glass=2/16 coverage=0.24
dark  desktop /iconography   overflow=0 nested=0 clip=0 out=0 motion=0 axe=0 glass=2/6 coverage=0.24
dark  desktop /library       overflow=0 nested=0 clip=0 out=0 motion=0 axe=0 glass=6/16 coverage=0.86
dark  desktop /learn/experiences overflow=0 nested=0 clip=0 out=0 motion=0 axe=0 glass=2/6 coverage=0.23
dark  desktop /learn/experience/calibracion-observar-antes-de-interpretar overflow=0 nested=0 clip=0 out=0 motion=0 axe=0 glass=2/6 coverage=0.23
dark  mobile  /learn         overflow=0 nested=0 clip=0 out=0 motion=0 axe=0 glass=5/8 coverage=0.52
dark  mobile  /studio        overflow=0 nested=0 clip=0 out=0 motion=0 axe=0 glass=7/10 coverage=0.38
dark  mobile  /experience    overflow=0 nested=0 clip=0 out=0 motion=0 axe=0 glass=2/13 coverage=0.2
dark  mobile  /iconography   overflow=0 nested=0 clip=0 out=0 motion=0 axe=0 glass=2/3 coverage=0.2
dark  mobile  /library       overflow=0 nested=0 clip=0 out=0 motion=0 axe=0 glass=6/13 coverage=1.08
dark  mobile  /learn/experiences overflow=0 nested=0 clip=0 out=0 motion=0 axe=0 glass=2/3 coverage=0.2
dark  mobile  /learn/experience/calibracion-observar-antes-de-interpretar overflow=0 nested=0 clip=0 out=0 motion=0 axe=0 glass=2/3 coverage=0.2
reduced_transparency_fallback=true
blocking_findings=0
