
> luma-learning-intelligence@0.1.0 build
> next build --webpack

▲ Next.js 16.3.8 (webpack)
✓ Running next.config.ts took 366ms

  Creating an optimized production build ...
✓ Compiled successfully in 20.2s
  Running TypeScript ...
  Finished TypeScript in 35.9s ...
  Collecting page data using 11 workers ...
  Generating static pages using 11 workers (0/38) ...
  Generating static pages using 11 workers (9/38) 
  Generating static pages using 11 workers (18/38) 
  Generating static pages using 11 workers (28/38) 
✓ Generating static pages using 11 workers (38/38) in 695ms
  Finalizing page optimization ...
  Collecting build traces ...

Route (app)
┌ ○ /
├ ○ /_not-found
├ ƒ /api/coach/interventions
├ ƒ /api/coach/learners
├ ƒ /api/coach/learners/[learnerId]
├ ƒ /api/commerce/access
├ ƒ /api/commerce/admin/access-trace
├ ƒ /api/commerce/admin/mappings
├ ƒ /api/commerce/webhooks/[provider]
├ ƒ /api/content-intelligence/search
├ ƒ /api/health
├ ƒ /api/learning/events
├ ƒ /api/learning/plan
├ ƒ /api/programs/admin/offerings
├ ƒ /api/programs/admin/offerings/[offeringId]/sessions
├ ƒ /api/programs/my-schedule
├ ƒ /api/reflections
├ ƒ /api/tutor
├ ○ /experience
├ ○ /iconography
├ ○ /learn
├   /learn/experience/[slug]
│ ├ ● /learn/experience/congruencia-tres-canales
│ ├ ● /learn/experience/calibracion-observar-antes-de-interpretar
│ ├ ● /learn/experience/rapport-sintonia-con-respeto
│ └ ● [+4 more paths]
├ ○ /learn/experiences
├ ○ /learn/session/pas
├ ○ /library
├ ○ /login
├ ○ /onboarding
├ ○ /preview/liquid-light
├ ○ /studio
├ ○ /studio/class-intelligence
├ ƒ /studio/learners/[learnerId]
├ ○ /studio/learners/mariana
├ ○ /studio/reflections
└ ○ /twin


○  (Static)   prerendered as static content
●  (SSG)      prerendered as static HTML (uses generateStaticParams)
ƒ  (Dynamic)  server-rendered on demand

