
> luma-learning-intelligence@0.1.0 build
> next build --webpack

▲ Next.js 16.3.8 (webpack)
✓ Running next.config.ts took 111ms

  Creating an optimized production build ...
✓ Compiled successfully in 9.8s
  Running TypeScript ...
  Finished TypeScript in 3.0s ...
  Collecting page data using 11 workers ...
  Generating static pages using 11 workers (0/38) ...
  Generating static pages using 11 workers (9/38) 
  Generating static pages using 11 workers (18/38) 
  Generating static pages using 11 workers (28/38) 
✓ Generating static pages using 11 workers (38/38) in 610ms
  Finalizing page optimization ...
  Collecting build traces ...
Error: ENOMEM: not enough memory, scandir '/workspace/projects/LUMA-commerce-compliance-20261009/node_modules/next/dist/server/route-modules/pages/vendored/contexts'
    at ignore-listed frames {
  errno: -12,
  code: 'ENOMEM',
  syscall: 'scandir',
  path: '/workspace/projects/LUMA-commerce-compliance-20261009/node_modules/next/dist/server/route-modules/pages/vendored/contexts'
}

> Build error occurred
Error: ENOMEM: not enough memory, scandir '/workspace/projects/LUMA-commerce-compliance-20261009/node_modules/next/dist/server/route-modules/pages/vendored/contexts'
    at ignore-listed frames {
  errno: -12,
  code: 'ENOMEM',
  syscall: 'scandir',
  path: '/workspace/projects/LUMA-commerce-compliance-20261009/node_modules/next/dist/server/route-modules/pages/vendored/contexts'
}
