i  emulators: Starting emulators: auth, firestore
i  emulators: Detected demo project ID "demo-luma-persistent-twin", emulated services will use a demo configuration and attempts to access non-emulated services for this project will fail.
i  firestore: Firestore Emulator logging to firestore-debug.log
✔  firestore: Firestore Emulator was started in standard edition.
✔  firestore: Firestore Emulator UI websocket is running on 9150.
i  Running script: ./scripts/persistent-api-emulator-smoke.sh
{
  "unauthenticatedStatus": 401,
  "learnerA": {
    "uid": "EEGKRVWqMm4IdYhMwJRsNegHWkwS",
    "beforeAction": "pas-guided-practice",
    "afterAction": "pas-to-beliefs",
    "version": 2,
    "replayDuplicate": true
  },
  "learnerB": {
    "uid": "40AlfRDiMjwUJ46rG8ANw6kE27Wa",
    "action": "communication-congruence-practice",
    "version": 1
  },
  "serverVerifiedCorrectAnswersDespiteClientCorrectCountZero": true
}
✔  Script exited successfully (code 0)
i  emulators: Shutting down emulators.
i  firestore: Stopping Firestore Emulator
i  auth: Stopping Authentication Emulator
i  hub: Stopping emulator hub
i  logging: Stopping Logging Emulator
