
> luma-learning-intelligence@0.1.0 build
> next build

▲ Next.js 16.3.8 (Turbopack)
✓ Running next.config.ts took 84ms

  Creating an optimized production build ...
✓ Compiled successfully in 1938ms
  Running TypeScript ...
  Finished TypeScript in 2.2s ...
  Collecting page data using 11 workers ...
  Generating static pages using 11 workers (0/11) ...
  Generating static pages using 11 workers (2/11)

  Generating static pages using 11 workers (5/11)

  Generating static pages using 11 workers (8/11)

✓ Generating static pages using 11 workers (11/11) in 336ms
  Finalizing page optimization ...

Route (app)
┌ ○ /
├ ○ /_not-found
├ ƒ /api/tutor
├ ○ /learn
├ ○ /learn/session/pas
├ ○ /library
├ ○ /onboarding
├ ○ /studio
└ ○ /twin


○  (Static)   prerendered as static content
ƒ  (Dynamic)  server-rendered on demand
