✓ Curriculum Reflection · LUMA
  http://127.0.0.1:3100/studio/reflections
✓ Done
"HAS_CONTENT"
"OK"
- link "LUMA inicio" [ref=e1]
- navigation "Navegación del instructor" [ref=e2]
  - link "Learning Studio" [ref=e5]
  - link "Curriculum Reflection" [ref=e6]
  - link "Content Intelligence" [ref=e7]
  - link "Vista estudiante" [ref=e8]
- link "Recalibrar mi Twin" [ref=e3]
- link "Salir del showcase" [ref=e4]
- heading "Curriculum Reflection" [level=1, ref=e9]
- button "Buscar" [ref=e10]
- button "Notificaciones" [ref=e11]
- button "Abrir menú de Mariana" [ref=e12]
- heading "El corpus aprende sin reescribir la verdad." [level=2, ref=e22]
- button "Generar reflexión" [ref=e23]
- region "Estado de Curriculum Reflection" [ref=e13]
- heading "Fuente vs. conocimiento derivado" [level=2, ref=e14]
- button "Todo" [ref=e24]
- button "RAW" [ref=e25]
- button "Reflexión" [ref=e26]
- button "Síntesis" [ref=e27]
- button "QA" [ref=e28]
- button "RAW Pensamiento, emoción, acción y objetivo Fuente original" [ref=e15]
- button "RAW Pensamientos Automáticos Saboteadores Fuente original" [ref=e16]
- button "RAW Dónde cambiar y niveles lógicos Fuente original" [ref=e17]
- button "REF El P.A.S. vuelve practicable la cadena emocional Reflexión derivada" [ref=e18]
- button "REF De detectar el patrón a elegir dónde intervenir Reflexión derivada" [ref=e19]
- button "QA Afirmaciones de salud requieren evidencia independiente Hallazgo de calidad" [ref=e20]
- button "SYN Mapa sistémico del cambio personal Síntesis consolidada" [ref=e21]
- heading "El P.A.S. vuelve practicable la cadena emocional" [level=2, ref=e29]
- link "1 págs. 5–9 · Comunicación emocional El material relaciona pensamiento, emoción, acción y objetivo, y propone identificar el pensamiento que precede a la emoción. Módulo 3 · Redescubriendo y transformando tu poder" [ref=e30]
- link "2 págs. 9–10 · P.A.S. Los P.A.S. se describen como pensamientos automáticos, veloces, rígidos y modificables, a menudo expresados con absolutos. Módulo 3 · Redescubriendo y transformando tu poder" [ref=e31]
- heading "La intención cambia el ranking" [level=2, ref=e32]
- button "Factual" [ref=e33]
- button "Conceptual" [ref=e34]
- button "Revisión" [ref=e35]
- textbox "Consulta de recuperación" [ref=e42]: pensamiento emoción intervención
- button "1 REF · score 3.42 El P.A.S. vuelve practicable la cadena emocional La síntesis conecta varias fuentes y conserva su linaje." [ref=e36]
- button "2 SYN · score 3.35 Mapa sistémico del cambio personal La síntesis conecta varias fuentes y conserva su linaje." [ref=e37]
- button "3 RAW · score 3.22 Pensamiento, emoción, acción y objetivo Coincidencia directa con el material aprobado." [ref=e38]
- button "4 RAW · score 2.35 Pensamientos Automáticos Saboteadores Coincidencia directa con el material aprobado." [ref=e39]
- heading "Reflexionar no es aprender por el learner." [level=2, ref=e40]
- button "Open Next.js Dev Tools" [expanded=false, ref=e41]
✓ Screenshot saved to evidence/visual/reflection-release-desktop.png
✓ Browser closed
