
> luma-learning-intelligence@0.1.0 verify
> npm run lint && npm run typecheck && npm run test:run && npm run build


> luma-learning-intelligence@0.1.0 lint
> eslint .


> luma-learning-intelligence@0.1.0 typecheck
> tsc --noEmit


> luma-learning-intelligence@0.1.0 test:run
> vitest run


[1m[30m[46m RUN [49m[39m[22m [36mv5.0.3 [39m[90m/workspace/projects/LUMA[39m

 [32m✓[39m src/lib/learning-engine.test.ts [2m([22m[2m4 tests[22m[2m)[22m[32m 3[2mms[22m[39m
 [32m✓[39m src/lib/reflection-engine.test.ts [2m([22m[2m6 tests[22m[2m)[22m[32m 4[2mms[22m[39m

[2m Test Files [22m [1m[32m2 passed[39m[22m[90m (2)[39m
[2m      Tests [22m [1m[32m10 passed[39m[22m[90m (10)[39m
[2m   Start at [22m 05:42:08
[2m   Duration [22m 148ms[2m (transform 61%, import 26%, worker 7%, tests 5%)[22m


> luma-learning-intelligence@0.1.0 build
> next build

▲ Next.js 16.3.8 (Turbopack)
✓ Running next.config.ts took 102ms

  Creating an optimized production build ...
✓ Compiled successfully in 1909ms
  Running TypeScript ...
  Finished TypeScript in 1457ms ...
  Collecting page data using 11 workers ...
  Generating static pages using 11 workers (0/13) ...
  Generating static pages using 11 workers (3/13) 
  Generating static pages using 11 workers (6/13) 
  Generating static pages using 11 workers (9/13) 
✓ Generating static pages using 11 workers (13/13) in 272ms
  Finalizing page optimization ...

Route (app)
┌ ○ /
├ ○ /_not-found
├ ƒ /api/reflections
├ ƒ /api/tutor
├ ○ /learn
├ ○ /learn/session/pas
├ ○ /library
├ ○ /onboarding
├ ○ /studio
├ ○ /studio/reflections
└ ○ /twin


○  (Static)   prerendered as static content
ƒ  (Dynamic)  server-rendered on demand

