
> luma-learning-intelligence@0.1.0 test:e2e
> playwright test


Running 22 tests using 6 workers

  ✓   1 [chromium] › e2e/showcase.spec.ts:56:3 › LUMA product showcase › coach view exposes proprietary Learning Twin evidence (2.2s)
  ✓   6 [chromium] › e2e/showcase.spec.ts:38:3 › LUMA product showcase › coachee navigation keeps internal intelligence out of the learning surface (2.3s)
  ✓   2 [chromium] › e2e/showcase.spec.ts:10:3 › LUMA product showcase › showcase root enters the learner product immediately (3.3s)
  ✓   4 [chromium] › e2e/showcase.spec.ts:50:3 › LUMA product showcase › legacy Twin route opens the coach intelligence view (3.3s)
  ✓   3 [chromium] › e2e/showcase.spec.ts:64:3 › LUMA product showcase › learner can inspect recommendation and ask the grounded tutor (3.5s)
  ✓   5 [chromium] › e2e/showcase.spec.ts:17:3 › LUMA product showcase › onboarding calibrates a learner and enters the journey (4.0s)
  ✓   8 [chromium] › e2e/showcase.spec.ts:87:3 › LUMA product showcase › curriculum reflection creates a reviewable artifact without updating learner state (2.2s)
  ✓  10 [chromium] › e2e/showcase.spec.ts:119:3 › LUMA product showcase › studio lets an instructor assign human intervention (1.6s)
  ✓   7 [chromium] › e2e/showcase.spec.ts:75:3 › LUMA product showcase › tutor blocks unsupported high-stakes course claims (3.2s)
  ✓   9 [chromium] › e2e/showcase.spec.ts:105:3 › LUMA product showcase › practice produces a real evidence receipt (2.5s)
  ✓  14 [mobile] › e2e/showcase.spec.ts:38:3 › LUMA product showcase › coachee navigation keeps internal intelligence out of the learning surface (2.3s)
  ✓  12 [mobile] › e2e/showcase.spec.ts:10:3 › LUMA product showcase › showcase root enters the learner product immediately (2.8s)
  ✓  16 [mobile] › e2e/showcase.spec.ts:56:3 › LUMA product showcase › coach view exposes proprietary Learning Twin evidence (2.0s)
  ✓  15 [mobile] › e2e/showcase.spec.ts:50:3 › LUMA product showcase › legacy Twin route opens the coach intelligence view (2.7s)
  ✓  13 [mobile] › e2e/showcase.spec.ts:17:3 › LUMA product showcase › onboarding calibrates a learner and enters the journey (4.0s)
  ✓  19 [mobile] › e2e/showcase.spec.ts:87:3 › LUMA product showcase › curriculum reflection creates a reviewable artifact without updating learner state (2.2s)
  -  22 [mobile] › e2e/showcase.spec.ts:127:3 › LUMA product showcase › key client-facing views satisfy automated WCAG checks
  ✓  21 [mobile] › e2e/showcase.spec.ts:119:3 › LUMA product showcase › studio lets an instructor assign human intervention (2.0s)
  ✓  20 [mobile] › e2e/showcase.spec.ts:105:3 › LUMA product showcase › practice produces a real evidence receipt (2.3s)
  ✓  18 [mobile] › e2e/showcase.spec.ts:75:3 › LUMA product showcase › tutor blocks unsupported high-stakes course claims (4.1s)
  ✓  17 [mobile] › e2e/showcase.spec.ts:64:3 › LUMA product showcase › learner can inspect recommendation and ask the grounded tutor (4.2s)
  ✓  11 [chromium] › e2e/showcase.spec.ts:127:3 › LUMA product showcase › key client-facing views satisfy automated WCAG checks (11.4s)

  1 skipped
  21 passed (16.3s)
