⬢  emulators: firebase-tools will drop support for Java version < 21 soon in firebase-tools@15. Please install a JDK at version 21 or above to get a compatible runtime.
i  emulators: Starting emulators: auth, firestore
i  emulators: Detected demo project ID "demo-luma-persistent-twin", emulated services will use a demo configuration and attempts to access non-emulated services for this project will fail.
i  firestore: Firestore Emulator logging to firestore-debug.log
✔  firestore: Firestore Emulator UI websocket is running on 9150.
i  Running script: ./scripts/coach-api-emulator-smoke.sh
{
  "ordinaryUserStatus": 403,
  "coachStatus": 200,
  "coachClaim": true,
  "learnerId": "yxb4wZP5GcIw5JUBuc1Qq9qgMQgF",
  "beforeAction": "pas-guided-practice",
  "afterAction": "pas-to-beliefs",
  "listMatchesAuthoritativeAction": true,
  "detailMatchesAuthoritativeAction": true,
  "eventLedgerCount": 1,
  "version": 2
}
✔  Script exited successfully (code 0)
i  emulators: Shutting down emulators.
i  firestore: Stopping Firestore Emulator
i  auth: Stopping Authentication Emulator
i  hub: Stopping emulator hub
i  logging: Stopping Logging Emulator
⚠  emulators: firebase-tools will drop support for Java version < 21 soon in firebase-tools@15. Please install a JDK at version 21 or above to get a compatible runtime.
