se    desktop /learn         overflow=0 nested=0 clip=0 out=0 motion=0 axe=0 glass=5/11 coverage=0.43
se    desktop /studio        overflow=0 nested=0 clip=0 out=0 motion=0 axe=0 glass=7/13 coverage=0.69
se    desktop /experience    overflow=0 nested=0 clip=0 out=0 motion=0 axe=0 glass=2/16 coverage=0.24
se    desktop /iconography   overflow=0 nested=0 clip=0 out=0 motion=0 axe=0 glass=2/6 coverage=0.24
se    desktop /library       overflow=0 nested=0 clip=0 out=0 motion=0 axe=0 glass=6/16 coverage=0.86
se    desktop /learn/experiences overflow=0 nested=0 clip=0 out=0 motion=0 axe=0 glass=2/6 coverage=0.23
se    desktop /learn/experience/calibracion-observar-antes-de-interpretar overflow=0 nested=0 clip=0 out=0 motion=0 axe=0 glass=2/6 coverage=0.23
se    mobile  /learn         overflow=0 nested=0 clip=0 out=0 motion=0 axe=0 glass=5/10 coverage=0.45
se    mobile  /studio        overflow=0 nested=0 clip=0 out=0 motion=0 axe=0 glass=7/12 coverage=0.38
se    mobile  /experience    overflow=0 nested=0 clip=0 out=0 motion=0 axe=0 glass=2/15 coverage=0.21
se    mobile  /iconography   overflow=0 nested=0 clip=0 out=0 motion=0 axe=0 glass=2/5 coverage=0.21
se    mobile  /library       overflow=0 nested=0 clip=0 out=0 motion=0 axe=0 glass=6/15 coverage=1.09
se    mobile  /learn/experiences overflow=0 nested=0 clip=0 out=0 motion=0 axe=0 glass=2/5 coverage=0.21
se    mobile  /learn/experience/calibracion-observar-antes-de-interpretar overflow=0 nested=0 clip=0 out=0 motion=0 axe=0 glass=2/5 coverage=0.21
light desktop /learn         overflow=0 nested=0 clip=0 out=0 motion=0 axe=0 glass=5/11 coverage=0.43
light desktop /studio        overflow=0 nested=0 clip=0 out=0 motion=0 axe=0 glass=7/13 coverage=0.69
light desktop /experience    overflow=0 nested=0 clip=0 out=0 motion=0 axe=0 glass=2/16 coverage=0.24
light desktop /iconography   overflow=0 nested=0 clip=0 out=0 motion=0 axe=0 glass=2/6 coverage=0.24
light desktop /library       overflow=0 nested=0 clip=0 out=0 motion=0 axe=0 glass=6/16 coverage=0.86
light desktop /learn/experiences overflow=0 nested=0 clip=0 out=0 motion=0 axe=0 glass=2/6 coverage=0.23
light desktop /learn/experience/calibracion-observar-antes-de-interpretar overflow=0 nested=0 clip=0 out=0 motion=0 axe=0 glass=2/6 coverage=0.23
light mobile  /learn         overflow=0 nested=0 clip=0 out=0 motion=0 axe=0 glass=5/10 coverage=0.45
light mobile  /studio        overflow=0 nested=0 clip=0 out=0 motion=0 axe=0 glass=7/12 coverage=0.38
light mobile  /experience    overflow=0 nested=0 clip=0 out=0 motion=0 axe=0 glass=2/15 coverage=0.21
light mobile  /iconography   overflow=0 nested=0 clip=0 out=0 motion=0 axe=0 glass=2/5 coverage=0.21
light mobile  /library       overflow=0 nested=0 clip=0 out=0 motion=0 axe=0 glass=6/15 coverage=1.09
light mobile  /learn/experiences overflow=0 nested=0 clip=0 out=0 motion=0 axe=0 glass=2/5 coverage=0.21
light mobile  /learn/experience/calibracion-observar-antes-de-interpretar overflow=0 nested=0 clip=0 out=0 motion=0 axe=0 glass=2/5 coverage=0.21
dark  desktop /learn         overflow=0 nested=0 clip=0 out=0 motion=0 axe=0 glass=5/11 coverage=0.43
dark  desktop /studio        overflow=0 nested=0 clip=0 out=0 motion=0 axe=0 glass=7/13 coverage=0.69
dark  desktop /experience    overflow=0 nested=0 clip=0 out=0 motion=0 axe=0 glass=2/16 coverage=0.24
dark  desktop /iconography   overflow=0 nested=0 clip=0 out=0 motion=0 axe=0 glass=2/6 coverage=0.24
dark  desktop /library       overflow=0 nested=0 clip=0 out=0 motion=0 axe=0 glass=6/16 coverage=0.86
dark  desktop /learn/experiences overflow=0 nested=0 clip=0 out=0 motion=0 axe=0 glass=2/6 coverage=0.23
dark  desktop /learn/experience/calibracion-observar-antes-de-interpretar overflow=0 nested=0 clip=0 out=0 motion=0 axe=0 glass=2/6 coverage=0.23
dark  mobile  /learn         overflow=0 nested=0 clip=0 out=0 motion=0 axe=0 glass=5/10 coverage=0.45
dark  mobile  /studio        overflow=0 nested=0 clip=0 out=0 motion=0 axe=0 glass=7/12 coverage=0.38
dark  mobile  /experience    overflow=0 nested=0 clip=0 out=0 motion=0 axe=0 glass=2/15 coverage=0.21
dark  mobile  /iconography   overflow=0 nested=0 clip=0 out=0 motion=0 axe=0 glass=2/5 coverage=0.21
dark  mobile  /library       overflow=0 nested=0 clip=0 out=0 motion=0 axe=0 glass=6/15 coverage=1.09
dark  mobile  /learn/experiences overflow=0 nested=0 clip=0 out=0 motion=0 axe=0 glass=2/5 coverage=0.21
dark  mobile  /learn/experience/calibracion-observar-antes-de-interpretar overflow=0 nested=0 clip=0 out=0 motion=0 axe=0 glass=2/5 coverage=0.21
reduced_transparency_fallback=true
blocking_findings=0
