[WebServer] ⚠ "next start" does not work with "output: standalone" configuration. Use "node .next/standalone/server.js" instead.

Running 72 tests using 1 worker

  ✓   1 [chromium] › e2e/adaptive-loop.spec.ts:37:3 › LUMA adaptive learning loop › canonical learner states receive materially different next actions (2.1s)
  ✓   2 [chromium] › e2e/adaptive-loop.spec.ts:77:3 › LUMA adaptive learning loop › successful practice evidence changes the next best action (1.8s)
  ✓   3 [chromium] › e2e/auth.spec.ts:4:3 › Google authentication entry points › login explains Google access and preserves a demo path (252ms)
  ✓   4 [chromium] › e2e/auth.spec.ts:12:3 › Google authentication entry points › guest learner surface offers access without pretending to know the learner name (577ms)
  -   5 [chromium] › e2e/auth.spec.ts:19:3 › Google authentication entry points › login remains within the mobile viewport
  ✓   6 [chromium] › e2e/class-intelligence.spec.ts:4:3 › AI-native class entry › P.A.S. diagnostic records routing evidence without claiming mastery (585ms)
  ✓   7 [chromium] › e2e/class-intelligence.spec.ts:57:3 › AI-native class entry › every published experience exposes a learning contract (908ms)
  ✓   8 [chromium] › e2e/class-intelligence.spec.ts:77:3 › AI-native class entry › P.A.S. simulation emits rubric-based scored evidence (671ms)
  ✓   9 [chromium] › e2e/class-intelligence.spec.ts:105:3 › AI-native class entry › coach can inspect the class intelligence operating model (586ms)
  ✓  10 [chromium] › e2e/coach-source.spec.ts:4:3 › Coach authoritative learner source › coach API requires authentication (182ms)
  ✓  11 [chromium] › e2e/coach-source.spec.ts:10:3 › Coach authoritative learner source › persistent learner detail never falls back to showcase data without coach authorization (416ms)
  ✓  12 [chromium] › e2e/coach-source.spec.ts:17:3 › Coach authoritative learner source › existing showcase coach experience remains available (430ms)
  ✓  13 [chromium] › e2e/content-beta.spec.ts:3:1 › beta content catalog is available to the learner (456ms)
  ✓  14 [chromium] › e2e/content-beta.spec.ts:12:1 › a reflection creates a practice receipt (1.9s)
  ✓  15 [chromium] › e2e/liquid-glass-v2.spec.ts:9:1 › Liquid Light renders bounded refraction without nested glass (1.1s)
  -  16 [chromium] › e2e/responsive-mobile.spec.ts:4:3 › responsive mobile product › mobile learner header does not overlap and navigation remains usable
  -  17 [chromium] › e2e/responsive-mobile.spec.ts:31:3 › responsive mobile product › all seven program modules are selectable on mobile
  -  18 [chromium] › e2e/responsive-mobile.spec.ts:46:3 › responsive mobile product › practice suggestions use horizontal snap rather than stacked dashboard cards
  ✓  19 [chromium] › e2e/showcase.spec.ts:10:3 › LUMA product showcase › showcase root enters the learner product immediately (548ms)
  ✓  20 [chromium] › e2e/showcase.spec.ts:17:3 › LUMA product showcase › onboarding calibrates a learner and enters the journey (679ms)
  ✓  21 [chromium] › e2e/showcase.spec.ts:38:3 › LUMA product showcase › coachee navigation keeps internal intelligence out of the learning surface (492ms)
  ✓  22 [chromium] › e2e/showcase.spec.ts:50:3 › LUMA product showcase › legacy Twin route opens the coach intelligence view (491ms)
  ✓  23 [chromium] › e2e/showcase.spec.ts:56:3 › LUMA product showcase › coach view exposes proprietary Learning Twin evidence (432ms)
  ✓  24 [chromium] › e2e/showcase.spec.ts:64:3 › LUMA product showcase › learner can inspect recommendation and ask the grounded tutor (588ms)
  ✓  25 [chromium] › e2e/showcase.spec.ts:75:3 › LUMA product showcase › tutor blocks unsupported high-stakes course claims (2.5s)
  ✓  26 [chromium] › e2e/showcase.spec.ts:87:3 › LUMA product showcase › curriculum reflection creates a reviewable artifact without updating learner state (596ms)
  ✓  27 [chromium] › e2e/showcase.spec.ts:105:3 › LUMA product showcase › practice produces a real evidence receipt (833ms)
  ✓  28 [chromium] › e2e/showcase.spec.ts:121:3 › LUMA product showcase › superuser can compare roles and persist a visual theme (1.2s)
  ✓  29 [chromium] › e2e/showcase.spec.ts:147:3 › LUMA product showcase › superuser review lab exposes real gated assets without leaking private source locators (604ms)
  ✓  30 [chromium] › e2e/showcase.spec.ts:168:3 › LUMA product showcase › adult progress is expressed as capability, transfer and next demonstration (574ms)
  ✓  31 [chromium] › e2e/showcase.spec.ts:180:3 › LUMA product showcase › iconography catalog changes material while preserving semantics (435ms)
  ✓  32 [chromium] › e2e/showcase.spec.ts:190:3 › LUMA product showcase › premium semantic objects appear in the intended product moments (577ms)
  ✓  33 [chromium] › e2e/showcase.spec.ts:200:3 › LUMA product showcase › Content Intelligence leads with transformation, not the AI operating model (403ms)
  ✓  34 [chromium] › e2e/showcase.spec.ts:211:3 › LUMA product showcase › studio lets an instructor assign human intervention (466ms)
  ✓  35 [chromium] › e2e/showcase.spec.ts:219:3 › LUMA product showcase › key client-facing views satisfy automated WCAG checks (9.7s)
  ✓  36 [chromium] › e2e/spanish-ui.spec.ts:36:1 › client-facing product terminology stays in Spanish (5.7s)
  ✓  37 [mobile] › e2e/adaptive-loop.spec.ts:37:3 › LUMA adaptive learning loop › canonical learner states receive materially different next actions (3.4s)
  ✓  38 [mobile] › e2e/adaptive-loop.spec.ts:77:3 › LUMA adaptive learning loop › successful practice evidence changes the next best action (2.9s)
  ✓  39 [mobile] › e2e/auth.spec.ts:4:3 › Google authentication entry points › login explains Google access and preserves a demo path (1.3s)
  ✓  40 [mobile] › e2e/auth.spec.ts:12:3 › Google authentication entry points › guest learner surface offers access without pretending to know the learner name (2.1s)
  ✓  41 [mobile] › e2e/auth.spec.ts:19:3 › Google authentication entry points › login remains within the mobile viewport (528ms)
  ✓  42 [mobile] › e2e/class-intelligence.spec.ts:4:3 › AI-native class entry › P.A.S. diagnostic records routing evidence without claiming mastery (1.0s)
  ✓  43 [mobile] › e2e/class-intelligence.spec.ts:57:3 › AI-native class entry › every published experience exposes a learning contract (1.1s)
  ✓  44 [mobile] › e2e/class-intelligence.spec.ts:77:3 › AI-native class entry › P.A.S. simulation emits rubric-based scored evidence (1.2s)
  ✓  45 [mobile] › e2e/class-intelligence.spec.ts:105:3 › AI-native class entry › coach can inspect the class intelligence operating model (903ms)
  ✓  46 [mobile] › e2e/coach-source.spec.ts:4:3 › Coach authoritative learner source › coach API requires authentication (18ms)
  ✓  47 [mobile] › e2e/coach-source.spec.ts:10:3 › Coach authoritative learner source › persistent learner detail never falls back to showcase data without coach authorization (1.6s)
  ✓  48 [mobile] › e2e/coach-source.spec.ts:17:3 › Coach authoritative learner source › existing showcase coach experience remains available (1.2s)
  ✓  49 [mobile] › e2e/content-beta.spec.ts:3:1 › beta content catalog is available to the learner (1.1s)
  ✓  50 [mobile] › e2e/content-beta.spec.ts:12:1 › a reflection creates a practice receipt (2.4s)
  ✓  51 [mobile] › e2e/liquid-glass-v2.spec.ts:9:1 › Liquid Light renders bounded refraction without nested glass (2.9s)
  ✓  52 [mobile] › e2e/responsive-mobile.spec.ts:4:3 › responsive mobile product › mobile learner header does not overlap and navigation remains usable (2.7s)
  ✓  53 [mobile] › e2e/responsive-mobile.spec.ts:31:3 › responsive mobile product › all seven program modules are selectable on mobile (1.7s)
  ✓  54 [mobile] › e2e/responsive-mobile.spec.ts:46:3 › responsive mobile product › practice suggestions use horizontal snap rather than stacked dashboard cards (1.0s)
  ✓  55 [mobile] › e2e/showcase.spec.ts:10:3 › LUMA product showcase › showcase root enters the learner product immediately (1.0s)
  ✓  56 [mobile] › e2e/showcase.spec.ts:17:3 › LUMA product showcase › onboarding calibrates a learner and enters the journey (1.3s)
  ✓  57 [mobile] › e2e/showcase.spec.ts:38:3 › LUMA product showcase › coachee navigation keeps internal intelligence out of the learning surface (994ms)
  ✓  58 [mobile] › e2e/showcase.spec.ts:50:3 › LUMA product showcase › legacy Twin route opens the coach intelligence view (877ms)
  ✓  59 [mobile] › e2e/showcase.spec.ts:56:3 › LUMA product showcase › coach view exposes proprietary Learning Twin evidence (878ms)
  ✓  60 [mobile] › e2e/showcase.spec.ts:64:3 › LUMA product showcase › learner can inspect recommendation and ask the grounded tutor (1.3s)
  ✓  61 [mobile] › e2e/showcase.spec.ts:75:3 › LUMA product showcase › tutor blocks unsupported high-stakes course claims (1.2s)
  ✓  62 [mobile] › e2e/showcase.spec.ts:87:3 › LUMA product showcase › curriculum reflection creates a reviewable artifact without updating learner state (1.0s)
  ✓  63 [mobile] › e2e/showcase.spec.ts:105:3 › LUMA product showcase › practice produces a real evidence receipt (1.1s)
  ✓  64 [mobile] › e2e/showcase.spec.ts:121:3 › LUMA product showcase › superuser can compare roles and persist a visual theme (2.2s)
  ✓  65 [mobile] › e2e/showcase.spec.ts:147:3 › LUMA product showcase › superuser review lab exposes real gated assets without leaking private source locators (1.1s)
  ✓  66 [mobile] › e2e/showcase.spec.ts:168:3 › LUMA product showcase › adult progress is expressed as capability, transfer and next demonstration (1.2s)
  ✓  67 [mobile] › e2e/showcase.spec.ts:180:3 › LUMA product showcase › iconography catalog changes material while preserving semantics (854ms)
  ✓  68 [mobile] › e2e/showcase.spec.ts:190:3 › LUMA product showcase › premium semantic objects appear in the intended product moments (1.1s)
  ✓  69 [mobile] › e2e/showcase.spec.ts:200:3 › LUMA product showcase › Content Intelligence leads with transformation, not the AI operating model (963ms)
  ✓  70 [mobile] › e2e/showcase.spec.ts:211:3 › LUMA product showcase › studio lets an instructor assign human intervention (1.2s)
  -  71 [mobile] › e2e/showcase.spec.ts:219:3 › LUMA product showcase › key client-facing views satisfy automated WCAG checks
  ✓  72 [mobile] › e2e/spanish-ui.spec.ts:36:1 › client-facing product terminology stays in Spanish (9.1s)

  5 skipped
  67 passed (1.6m)
