
> luma-learning-intelligence@0.1.0 audit:glass
> node scripts/glass-adversarial-audit.mjs

se    desktop /learn         overflow=0 nested=0 clip=0 out=0 motion=0 axe=0 glass=2/3 coverage=0.21
se    desktop /studio        overflow=0 nested=0 clip=0 out=0 motion=0 axe=0 glass=2/5 coverage=0.24
se    desktop /experience    overflow=0 nested=0 clip=0 out=0 motion=0 axe=0 glass=2/4 coverage=0.23
se    desktop /iconography   overflow=0 nested=0 clip=0 out=0 motion=0 axe=0 glass=2/4 coverage=0.23
se    desktop /library       overflow=0 nested=0 clip=0 out=0 motion=0 axe=0 glass=2/10 coverage=0.24
se    desktop /learn/experiences overflow=0 nested=0 clip=0 out=0 motion=0 axe=0 glass=2/3 coverage=0.21
se    desktop /learn/experience/calibracion-observar-antes-de-interpretar overflow=0 nested=0 clip=0 out=0 motion=0 axe=0 glass=2/3 coverage=0.21
se    desktop /onboarding    overflow=0 nested=0 clip=0 out=0 motion=0 axe=0 glass=1/1 coverage=0.29
se    desktop /twin          overflow=0 nested=0 clip=0 out=0 motion=0 axe=0 glass=2/7 coverage=0.25
se    desktop /studio/reflections overflow=0 nested=0 clip=0 out=0 motion=0 axe=0 glass=2/4 coverage=0.23
se    desktop /learn/session/pas overflow=0 nested=0 clip=0 out=0 motion=0 axe=0 glass=0/0 coverage=0
se    desktop /preview/liquid-light overflow=0 nested=0 clip=0 out=0 motion=0 axe=0 glass=0/12 coverage=0.46
se    mobile  /learn         overflow=0 nested=0 clip=0 out=0 motion=0 axe=0 glass=2/2 coverage=0.16
se    mobile  /studio        overflow=0 nested=0 clip=0 out=0 motion=0 axe=0 glass=2/4 coverage=0.23
se    mobile  /experience    overflow=0 nested=0 clip=0 out=0 motion=0 axe=0 glass=2/3 coverage=0.19
se    mobile  /iconography   overflow=0 nested=0 clip=0 out=0 motion=0 axe=0 glass=2/3 coverage=0.19
se    mobile  /library       overflow=0 nested=0 clip=0 out=0 motion=0 axe=0 glass=2/9 coverage=0.22
se    mobile  /learn/experiences overflow=0 nested=0 clip=0 out=0 motion=0 axe=0 glass=2/2 coverage=0.16
se    mobile  /learn/experience/calibracion-observar-antes-de-interpretar overflow=0 nested=0 clip=0 out=0 motion=0 axe=0 glass=2/2 coverage=0.16
se    mobile  /onboarding    overflow=0 nested=0 clip=0 out=0 motion=0 axe=0 glass=1/1 coverage=0.78
se    mobile  /twin          overflow=0 nested=0 clip=0 out=0 motion=0 axe=0 glass=2/6 coverage=0.22
se    mobile  /studio/reflections overflow=0 nested=0 clip=0 out=0 motion=0 axe=0 glass=2/3 coverage=0.19
se    mobile  /learn/session/pas overflow=0 nested=0 clip=0 out=0 motion=0 axe=0 glass=0/0 coverage=0
se    mobile  /preview/liquid-light overflow=0 nested=0 clip=0 out=0 motion=0 axe=0 glass=0/9 coverage=0.19
light desktop /learn         overflow=0 nested=0 clip=0 out=0 motion=0 axe=0 glass=2/3 coverage=0.21
light desktop /studio        overflow=0 nested=0 clip=0 out=0 motion=0 axe=0 glass=2/5 coverage=0.24
light desktop /experience    overflow=0 nested=0 clip=0 out=0 motion=0 axe=0 glass=2/4 coverage=0.23
light desktop /iconography   overflow=0 nested=0 clip=0 out=0 motion=0 axe=0 glass=2/4 coverage=0.23
light desktop /library       overflow=0 nested=0 clip=0 out=0 motion=0 axe=0 glass=2/10 coverage=0.24
light desktop /learn/experiences overflow=0 nested=0 clip=0 out=0 motion=0 axe=0 glass=2/3 coverage=0.21
light desktop /learn/experience/calibracion-observar-antes-de-interpretar overflow=0 nested=0 clip=0 out=0 motion=0 axe=0 glass=2/3 coverage=0.21
light desktop /onboarding    overflow=0 nested=0 clip=0 out=0 motion=0 axe=0 glass=1/1 coverage=0.29
light desktop /twin          overflow=0 nested=0 clip=0 out=0 motion=0 axe=0 glass=2/7 coverage=0.25
light desktop /studio/reflections overflow=0 nested=0 clip=0 out=0 motion=0 axe=0 glass=2/4 coverage=0.23
light desktop /learn/session/pas overflow=0 nested=0 clip=0 out=0 motion=0 axe=0 glass=0/0 coverage=0
light desktop /preview/liquid-light overflow=0 nested=0 clip=0 out=0 motion=0 axe=0 glass=0/12 coverage=0.46
light mobile  /learn         overflow=0 nested=0 clip=0 out=0 motion=0 axe=0 glass=2/2 coverage=0.16
light mobile  /studio        overflow=0 nested=0 clip=0 out=0 motion=0 axe=0 glass=2/4 coverage=0.23
light mobile  /experience    overflow=0 nested=0 clip=0 out=0 motion=0 axe=0 glass=2/3 coverage=0.19
light mobile  /iconography   overflow=0 nested=0 clip=0 out=0 motion=0 axe=0 glass=2/3 coverage=0.19
light mobile  /library       overflow=0 nested=0 clip=0 out=0 motion=0 axe=0 glass=2/9 coverage=0.22
light mobile  /learn/experiences overflow=0 nested=0 clip=0 out=0 motion=0 axe=0 glass=2/2 coverage=0.16
light mobile  /learn/experience/calibracion-observar-antes-de-interpretar overflow=0 nested=0 clip=0 out=0 motion=0 axe=0 glass=2/2 coverage=0.16
light mobile  /onboarding    overflow=0 nested=0 clip=0 out=0 motion=0 axe=0 glass=1/1 coverage=0.78
light mobile  /twin          overflow=0 nested=0 clip=0 out=0 motion=0 axe=0 glass=2/6 coverage=0.22
light mobile  /studio/reflections overflow=0 nested=0 clip=0 out=0 motion=0 axe=0 glass=2/3 coverage=0.19
light mobile  /learn/session/pas overflow=0 nested=0 clip=0 out=0 motion=0 axe=0 glass=0/0 coverage=0
light mobile  /preview/liquid-light overflow=0 nested=0 clip=0 out=0 motion=0 axe=0 glass=0/9 coverage=0.19
dark  desktop /learn         overflow=0 nested=0 clip=0 out=0 motion=0 axe=0 glass=2/3 coverage=0.21
dark  desktop /studio        overflow=0 nested=0 clip=0 out=0 motion=0 axe=0 glass=2/5 coverage=0.24
dark  desktop /experience    overflow=0 nested=0 clip=0 out=0 motion=0 axe=0 glass=2/4 coverage=0.23
dark  desktop /iconography   overflow=0 nested=0 clip=0 out=0 motion=0 axe=0 glass=2/4 coverage=0.23
dark  desktop /library       overflow=0 nested=0 clip=0 out=0 motion=0 axe=0 glass=2/10 coverage=0.24
dark  desktop /learn/experiences overflow=0 nested=0 clip=0 out=0 motion=0 axe=0 glass=2/3 coverage=0.21
dark  desktop /learn/experience/calibracion-observar-antes-de-interpretar overflow=0 nested=0 clip=0 out=0 motion=0 axe=0 glass=2/3 coverage=0.21
dark  desktop /onboarding    overflow=0 nested=0 clip=0 out=0 motion=0 axe=0 glass=1/1 coverage=0.29
dark  desktop /twin          overflow=0 nested=0 clip=0 out=0 motion=0 axe=0 glass=2/7 coverage=0.25
dark  desktop /studio/reflections overflow=0 nested=0 clip=0 out=0 motion=0 axe=0 glass=2/4 coverage=0.23
dark  desktop /learn/session/pas overflow=0 nested=0 clip=0 out=0 motion=0 axe=0 glass=0/0 coverage=0
dark  desktop /preview/liquid-light overflow=0 nested=0 clip=0 out=0 motion=0 axe=0 glass=0/12 coverage=0.46
dark  mobile  /learn         overflow=0 nested=0 clip=0 out=0 motion=0 axe=0 glass=2/2 coverage=0.16
dark  mobile  /studio        overflow=0 nested=0 clip=0 out=0 motion=0 axe=0 glass=2/4 coverage=0.23
dark  mobile  /experience    overflow=0 nested=0 clip=0 out=0 motion=0 axe=0 glass=2/3 coverage=0.19
dark  mobile  /iconography   overflow=0 nested=0 clip=0 out=0 motion=0 axe=0 glass=2/3 coverage=0.19
dark  mobile  /library       overflow=0 nested=0 clip=0 out=0 motion=0 axe=0 glass=2/9 coverage=0.22
dark  mobile  /learn/experiences overflow=0 nested=0 clip=0 out=0 motion=0 axe=0 glass=2/2 coverage=0.16
dark  mobile  /learn/experience/calibracion-observar-antes-de-interpretar overflow=0 nested=0 clip=0 out=0 motion=0 axe=0 glass=2/2 coverage=0.16
dark  mobile  /onboarding    overflow=0 nested=0 clip=0 out=0 motion=0 axe=0 glass=1/1 coverage=0.78
dark  mobile  /twin          overflow=0 nested=0 clip=0 out=0 motion=0 axe=0 glass=2/6 coverage=0.22
dark  mobile  /studio/reflections overflow=0 nested=0 clip=0 out=0 motion=0 axe=0 glass=2/3 coverage=0.19
dark  mobile  /learn/session/pas overflow=0 nested=0 clip=0 out=0 motion=0 axe=0 glass=0/0 coverage=0
dark  mobile  /preview/liquid-light overflow=0 nested=0 clip=0 out=0 motion=0 axe=0 glass=0/9 coverage=0.19
reduced_transparency_fallback=true
blocking_findings=0
