
> luma-learning-intelligence@0.1.0 test:run
> vitest run


[1m[30m[46m RUN [49m[39m[22m [36mv5.0.3 [39m[90m/workspace/projects/LUMA-se-glass-v4[39m

 [32m✓[39m src/app/api/tutor/cx-control.test.ts [2m([22m[2m19 tests[22m[2m)[22m[32m 18[2mms[22m[39m
 [32m✓[39m src/lib/commerce/providers/stripe.test.ts [2m([22m[2m26 tests[22m[2m)[22m[32m 9[2mms[22m[39m
 [32m✓[39m src/lib/certificates/stirling.test.ts [2m([22m[2m6 tests[22m[2m)[22m[33m 438[2mms[22m[39m
 [32m✓[39m src/lib/commerce/domain.test.ts [2m([22m[2m16 tests[22m[2m)[22m[32m 6[2mms[22m[39m
 [32m✓[39m src/lib/certificates/service.integration.test.ts [2m([22m[2m5 tests[22m[2m)[22m[32m 26[2mms[22m[39m
 [32m✓[39m src/lib/live-classroom.test.ts [2m([22m[2m8 tests[22m[2m)[22m[32m 9[2mms[22m[39m
 [2m[90m↓[39m[22m src/lib/program-delivery.emulator.test.ts [2m([22m[2m12 tests[22m[2m | [22m[33m12 skipped[39m[2m)[22m
 [2m[90m↓[39m[22m src/lib/commerce/ledger.emulator.test.ts [2m([22m[2m8 tests[22m[2m | [22m[33m8 skipped[39m[2m)[22m
 [32m✓[39m src/app/api/tutor/route.test.ts [2m([22m[2m11 tests[22m[2m)[22m[32m 19[2mms[22m[39m
 [2m[90m↓[39m[22m src/lib/commerce/institutional-grant.emulator.test.ts [2m([22m[2m3 tests[22m[2m | [22m[33m3 skipped[39m[2m)[22m
 [2m[90m↓[39m[22m src/lib/commerce/orchestrator.emulator.test.ts [2m([22m[2m21 tests[22m[2m | [22m[33m21 skipped[39m[2m)[22m
 [2m[90m↓[39m[22m src/lib/learning-store.emulator.test.ts [2m([22m[2m4 tests[22m[2m | [22m[33m4 skipped[39m[2m)[22m
 [32m✓[39m src/lib/commerce/trace.test.ts [2m([22m[2m5 tests[22m[2m)[22m[32m 5[2mms[22m[39m
 [2m[90m↓[39m[22m src/lib/tenant-admin-auth.emulator.test.ts [2m([22m[2m2 tests[22m[2m | [22m[33m2 skipped[39m[2m)[22m
 [32m✓[39m src/lib/commerce/providers/hotmart.test.ts [2m([22m[2m7 tests[22m[2m)[22m[32m 12[2mms[22m[39m
 [32m✓[39m src/lib/commerce/entitlement.test.ts [2m([22m[2m5 tests[22m[2m)[22m[32m 3[2mms[22m[39m
 [32m✓[39m src/lib/certificates/domain.test.ts [2m([22m[2m5 tests[22m[2m)[22m[32m 5[2mms[22m[39m
 [32m✓[39m src/lib/engagement.test.ts [2m([22m[2m4 tests[22m[2m)[22m[32m 3[2mms[22m[39m
 [32m✓[39m scripts/lib/tenant-admin-claims.test.mjs [2m([22m[2m5 tests[22m[2m)[22m[32m 10[2mms[22m[39m
 [32m✓[39m src/lib/reflection-engine.test.ts [2m([22m[2m6 tests[22m[2m)[22m[32m 4[2mms[22m[39m
 [32m✓[39m src/lib/persistent-learning.test.ts [2m([22m[2m5 tests[22m[2m)[22m[32m 5[2mms[22m[39m
 [32m✓[39m src/lib/commerce/webhook-security.test.ts [2m([22m[2m5 tests[22m[2m)[22m[32m 83[2mms[22m[39m
 [32m✓[39m src/lib/program-schedule-status.test.ts [2m([22m[2m9 tests[22m[2m)[22m[32m 21[2mms[22m[39m
 [32m✓[39m src/lib/class-factory.test.ts [2m([22m[2m4 tests[22m[2m)[22m[32m 3[2mms[22m[39m
 [2m[90m↓[39m[22m src/lib/live-classroom-attendance.emulator.test.ts [2m([22m[2m2 tests[22m[2m | [22m[33m2 skipped[39m[2m)[22m
 [32m✓[39m src/lib/pnl-rag.test.ts [2m([22m[2m3 tests[22m[2m)[22m[32m 26[2mms[22m[39m
 [32m✓[39m scripts/release/policy.test.mjs [2m([22m[2m11 tests[22m[2m)[22m[32m 5[2mms[22m[39m
 [32m✓[39m src/lib/learning-engine.test.ts [2m([22m[2m4 tests[22m[2m)[22m[32m 3[2mms[22m[39m
 [32m✓[39m scripts/release/review-gate.test.mjs [2m([22m[2m5 tests[22m[2m)[22m[32m 57[2mms[22m[39m
 [32m✓[39m src/lib/live-classroom-token.test.ts [2m([22m[2m3 tests[22m[2m)[22m[32m 8[2mms[22m[39m
 [32m✓[39m src/lib/commerce/economics.test.ts [2m([22m[2m4 tests[22m[2m)[22m[32m 3[2mms[22m[39m
 [32m✓[39m src/lib/learner-projection.test.ts [2m([22m[2m3 tests[22m[2m)[22m[32m 3[2mms[22m[39m
 [32m✓[39m src/lib/se-voice-contract.test.ts [2m([22m[2m5 tests[22m[2m)[22m[32m 5[2mms[22m[39m
 [32m✓[39m src/lib/class-contract.test.ts [2m([22m[2m4 tests[22m[2m)[22m[32m 7[2mms[22m[39m
 [32m✓[39m src/lib/learning-entitlement.test.ts [2m([22m[2m13 tests[22m[2m)[22m[32m 21[2mms[22m[39m
 [32m✓[39m src/lib/google-oidc.test.ts [2m([22m[2m2 tests[22m[2m)[22m[32m 28[2mms[22m[39m
 [32m✓[39m src/lib/live-classroom-webhook-body.test.ts [2m([22m[2m4 tests[22m[2m)[22m[32m 30[2mms[22m[39m
 [32m✓[39m src/lib/scoped-rag.test.ts [2m([22m[2m7 tests[22m[2m)[22m[32m 32[2mms[22m[39m
 [32m✓[39m src/lib/coach-scoped-learning.test.ts [2m([22m[2m5 tests[22m[2m)[22m[32m 9[2mms[22m[39m
 [32m✓[39m src/lib/commerce/institutional-csv.test.ts [2m([22m[2m3 tests[22m[2m)[22m[32m 7[2mms[22m[39m
 [32m✓[39m src/lib/themes.test.ts [2m([22m[2m3 tests[22m[2m)[22m[32m 22[2mms[22m[39m
 [32m✓[39m src/lib/commerce/institutional-bulk.test.ts [2m([22m[2m3 tests[22m[2m)[22m[32m 24[2mms[22m[39m
 [32m✓[39m src/lib/coach-data-status.test.ts [2m([22m[2m6 tests[22m[2m)[22m[32m 3[2mms[22m[39m
 [32m✓[39m src/lib/simulation-evidence.test.ts [2m([22m[2m3 tests[22m[2m)[22m[32m 4[2mms[22m[39m
 [32m✓[39m src/lib/certificates/docusign.test.ts [2m([22m[2m2 tests[22m[2m)[22m[32m 4[2mms[22m[39m
 [32m✓[39m src/lib/experience-themes.test.ts [2m([22m[2m3 tests[22m[2m)[22m[32m 2[2mms[22m[39m
 [32m✓[39m src/lib/commerce/policy.test.ts [2m([22m[2m10 tests[22m[2m)[22m[32m 4[2mms[22m[39m
 [32m✓[39m src/lib/learning-store-path.test.ts [2m([22m[2m2 tests[22m[2m)[22m[32m 5[2mms[22m[39m
 [32m✓[39m src/lib/auth-token-error.test.ts [2m([22m[2m2 tests[22m[2m)[22m[32m 2[2mms[22m[39m
 [32m✓[39m src/lib/certificates/pdf.test.ts [2m([22m[2m2 tests[22m[2m)[22m[32m 95[2mms[22m[39m
 [32m✓[39m src/lib/profile-name.test.ts [2m([22m[2m3 tests[22m[2m)[22m[32m 2[2mms[22m[39m
 [32m✓[39m src/lib/commerce/webhook-errors.test.ts [2m([22m[2m6 tests[22m[2m)[22m[32m 2[2mms[22m[39m
 [32m✓[39m src/lib/commerce/institutional-grants.test.ts [2m([22m[2m3 tests[22m[2m)[22m[32m 4[2mms[22m[39m
 [32m✓[39m src/lib/commerce/webhook-delivery.test.ts [2m([22m[2m3 tests[22m[2m)[22m[32m 2[2mms[22m[39m
 [32m✓[39m src/lib/tenant-admin-access.test.ts [2m([22m[2m3 tests[22m[2m)[22m[32m 3[2mms[22m[39m
 [32m✓[39m src/lib/coach-access.test.ts [2m([22m[2m4 tests[22m[2m)[22m[32m 3[2mms[22m[39m
 [32m✓[39m src/lib/learning-server.auth.test.ts [2m([22m[2m4 tests[22m[2m)[22m[32m 19[2mms[22m[39m
 [32m✓[39m src/lib/scoped-rag.backend-contract.test.ts [2m([22m[2m2 tests[22m[2m)[22m[32m 25[2mms[22m[39m

[2m Test Files [22m [1m[32m51 passed[39m[22m[2m | [22m[33m7 skipped[39m[90m (58)[39m
[2m      Tests [22m [1m[32m291 passed[39m[22m[2m | [22m[33m52 skipped[39m[90m (343)[39m
[2m   Start at [22m 21:16:49
[2m   Duration [22m 8.45s[2m (import 92%, transform 5%, tests 2%, worker 1%)[22m

[2m    Isolate [22m [33m58 workers spawned[39m[2m · ~325ms startup each (spawn + environment, per file)[22m
[2m            [22m [2mat least ~1.39s faster with [22m[33misolate: false[39m[2m — reuses workers across files instead of one per file[22m
